Archive member included to satisfy reference by file (symbol)

C:/ST/STM32CubeIDE_1.18.1/STM32CubeIDE/plugins/com.st.stm32cube.ide.mcu.externaltools.gnu-tools-for-stm32.13.3.rel1.win32_1.0.0.202411081344/tools/bin/../lib/gcc/arm-none-eabi/13.3.1/../../../../arm-none-eabi/lib/thumb/v7e-m+fp/hard\libc_nano.a(libc_a-exit.o)
                              C:/ST/STM32CubeIDE_1.18.1/STM32CubeIDE/plugins/com.st.stm32cube.ide.mcu.externaltools.gnu-tools-for-stm32.13.3.rel1.win32_1.0.0.202411081344/tools/bin/../lib/gcc/arm-none-eabi/13.3.1/../../../../arm-none-eabi/lib/thumb/v7e-m+fp/hard/crt0.o (exit)
C:/ST/STM32CubeIDE_1.18.1/STM32CubeIDE/plugins/com.st.stm32cube.ide.mcu.externaltools.gnu-tools-for-stm32.13.3.rel1.win32_1.0.0.202411081344/tools/bin/../lib/gcc/arm-none-eabi/13.3.1/../../../../arm-none-eabi/lib/thumb/v7e-m+fp/hard\libc_nano.a(libc_a-findfp.o)
                              C:/ST/STM32CubeIDE_1.18.1/STM32CubeIDE/plugins/com.st.stm32cube.ide.mcu.externaltools.gnu-tools-for-stm32.13.3.rel1.win32_1.0.0.202411081344/tools/bin/../lib/gcc/arm-none-eabi/13.3.1/../../../../arm-none-eabi/lib/thumb/v7e-m+fp/hard\libc_nano.a(libc_a-exit.o) (__stdio_exit_handler)
C:/ST/STM32CubeIDE_1.18.1/STM32CubeIDE/plugins/com.st.stm32cube.ide.mcu.externaltools.gnu-tools-for-stm32.13.3.rel1.win32_1.0.0.202411081344/tools/bin/../lib/gcc/arm-none-eabi/13.3.1/../../../../arm-none-eabi/lib/thumb/v7e-m+fp/hard\libc_nano.a(libc_a-fwalk.o)
                              C:/ST/STM32CubeIDE_1.18.1/STM32CubeIDE/plugins/com.st.stm32cube.ide.mcu.externaltools.gnu-tools-for-stm32.13.3.rel1.win32_1.0.0.202411081344/tools/bin/../lib/gcc/arm-none-eabi/13.3.1/../../../../arm-none-eabi/lib/thumb/v7e-m+fp/hard\libc_nano.a(libc_a-findfp.o) (_fwalk_sglue)
C:/ST/STM32CubeIDE_1.18.1/STM32CubeIDE/plugins/com.st.stm32cube.ide.mcu.externaltools.gnu-tools-for-stm32.13.3.rel1.win32_1.0.0.202411081344/tools/bin/../lib/gcc/arm-none-eabi/13.3.1/../../../../arm-none-eabi/lib/thumb/v7e-m+fp/hard\libc_nano.a(libc_a-stdio.o)
                              C:/ST/STM32CubeIDE_1.18.1/STM32CubeIDE/plugins/com.st.stm32cube.ide.mcu.externaltools.gnu-tools-for-stm32.13.3.rel1.win32_1.0.0.202411081344/tools/bin/../lib/gcc/arm-none-eabi/13.3.1/../../../../arm-none-eabi/lib/thumb/v7e-m+fp/hard\libc_nano.a(libc_a-findfp.o) (__sread)
C:/ST/STM32CubeIDE_1.18.1/STM32CubeIDE/plugins/com.st.stm32cube.ide.mcu.externaltools.gnu-tools-for-stm32.13.3.rel1.win32_1.0.0.202411081344/tools/bin/../lib/gcc/arm-none-eabi/13.3.1/../../../../arm-none-eabi/lib/thumb/v7e-m+fp/hard\libc_nano.a(libc_a-memset.o)
                              C:/ST/STM32CubeIDE_1.18.1/STM32CubeIDE/plugins/com.st.stm32cube.ide.mcu.externaltools.gnu-tools-for-stm32.13.3.rel1.win32_1.0.0.202411081344/tools/bin/../lib/gcc/arm-none-eabi/13.3.1/../../../../arm-none-eabi/lib/thumb/v7e-m+fp/hard/crt0.o (memset)
C:/ST/STM32CubeIDE_1.18.1/STM32CubeIDE/plugins/com.st.stm32cube.ide.mcu.externaltools.gnu-tools-for-stm32.13.3.rel1.win32_1.0.0.202411081344/tools/bin/../lib/gcc/arm-none-eabi/13.3.1/../../../../arm-none-eabi/lib/thumb/v7e-m+fp/hard\libc_nano.a(libc_a-closer.o)
                              C:/ST/STM32CubeIDE_1.18.1/STM32CubeIDE/plugins/com.st.stm32cube.ide.mcu.externaltools.gnu-tools-for-stm32.13.3.rel1.win32_1.0.0.202411081344/tools/bin/../lib/gcc/arm-none-eabi/13.3.1/../../../../arm-none-eabi/lib/thumb/v7e-m+fp/hard\libc_nano.a(libc_a-stdio.o) (_close_r)
C:/ST/STM32CubeIDE_1.18.1/STM32CubeIDE/plugins/com.st.stm32cube.ide.mcu.externaltools.gnu-tools-for-stm32.13.3.rel1.win32_1.0.0.202411081344/tools/bin/../lib/gcc/arm-none-eabi/13.3.1/../../../../arm-none-eabi/lib/thumb/v7e-m+fp/hard\libc_nano.a(libc_a-reent.o)
                              C:/ST/STM32CubeIDE_1.18.1/STM32CubeIDE/plugins/com.st.stm32cube.ide.mcu.externaltools.gnu-tools-for-stm32.13.3.rel1.win32_1.0.0.202411081344/tools/bin/../lib/gcc/arm-none-eabi/13.3.1/../../../../arm-none-eabi/lib/thumb/v7e-m+fp/hard\libc_nano.a(libc_a-closer.o) (errno)
C:/ST/STM32CubeIDE_1.18.1/STM32CubeIDE/plugins/com.st.stm32cube.ide.mcu.externaltools.gnu-tools-for-stm32.13.3.rel1.win32_1.0.0.202411081344/tools/bin/../lib/gcc/arm-none-eabi/13.3.1/../../../../arm-none-eabi/lib/thumb/v7e-m+fp/hard\libc_nano.a(libc_a-impure.o)
                              C:/ST/STM32CubeIDE_1.18.1/STM32CubeIDE/plugins/com.st.stm32cube.ide.mcu.externaltools.gnu-tools-for-stm32.13.3.rel1.win32_1.0.0.202411081344/tools/bin/../lib/gcc/arm-none-eabi/13.3.1/../../../../arm-none-eabi/lib/thumb/v7e-m+fp/hard\libc_nano.a(libc_a-reent.o) (_impure_ptr)
C:/ST/STM32CubeIDE_1.18.1/STM32CubeIDE/plugins/com.st.stm32cube.ide.mcu.externaltools.gnu-tools-for-stm32.13.3.rel1.win32_1.0.0.202411081344/tools/bin/../lib/gcc/arm-none-eabi/13.3.1/../../../../arm-none-eabi/lib/thumb/v7e-m+fp/hard\libc_nano.a(libc_a-lseekr.o)
[...]
Memory Configuration

Name             Origin             Length             Attributes
RAM              0x20000000         0x00020000         xrw
FLASH            0x08000000         0x00080000         xr
*default*        0x00000000         0xffffffff

Linker script and memory map

LOAD C:/ST/STM32CubeIDE_1.18.1/STM32CubeIDE/plugins/com.st.stm32cube.ide.mcu.externaltools.gnu-tools-for-stm32.13.3.rel1.win32_1.0.0.202411081344/tools/bin/../lib/gcc/arm-none-eabi/13.3.1/thumb/v7e-m+fp/hard/crti.o
LOAD C:/ST/STM32CubeIDE_1.18.1/STM32CubeIDE/plugins/com.st.stm32cube.ide.mcu.externaltools.gnu-tools-for-stm32.13.3.rel1.win32_1.0.0.202411081344/tools/bin/../lib/gcc/arm-none-eabi/13.3.1/thumb/v7e-m+fp/hard/crtbegin.o
LOAD C:/ST/STM32CubeIDE_1.18.1/STM32CubeIDE/plugins/com.st.stm32cube.ide.mcu.externaltools.gnu-tools-for-stm32.13.3.rel1.win32_1.0.0.202411081344/tools/bin/../lib/gcc/arm-none-eabi/13.3.1/../../../../arm-none-eabi/lib/thumb/v7e-m+fp/hard/crt0.o
LOAD ./Core/Src/ask_modem.o
LOAD ./Core/Src/iq_transmitter.o
LOAD ./Core/Src/main.o
LOAD ./Core/Src/qpsk_modem.o
LOAD ./Core/Src/stm32f4xx_hal_msp.o
LOAD ./Core/Src/stm32f4xx_it.o
LOAD ./Core/Src/syscalls.o
LOAD ./Core/Src/sysmem.o
LOAD ./Core/Src/system_stm32f4xx.o
LOAD ./Core/Src/uart_protocol.o
LOAD ./Core/Startup/startup_stm32f411retx.o
LOAD ./Drivers/STM32F4xx_HAL_Driver/Src/stm32f4xx_hal.o
LOAD ./Drivers/STM32F4xx_HAL_Driver/Src/stm32f4xx_hal_adc.o
LOAD ./Drivers/STM32F4xx_HAL_Driver/Src/stm32f4xx_hal_adc_ex.o
LOAD ./Drivers/STM32F4xx_HAL_Driver/Src/stm32f4xx_hal_cortex.o
LOAD ./Drivers/STM32F4xx_HAL_Driver/Src/stm32f4xx_hal_dma.o
LOAD ./Drivers/STM32F4xx_HAL_Driver/Src/stm32f4xx_hal_dma_ex.o
LOAD ./Drivers/STM32F4xx_HAL_Driver/Src/stm32f4xx_hal_exti.o
LOAD ./Drivers/STM32F4xx_HAL_Driver/Src/stm32f4xx_hal_flash.o
LOAD ./Drivers/STM32F4xx_HAL_Driver/Src/stm32f4xx_hal_flash_ex.o
LOAD ./Drivers/STM32F4xx_HAL_Driver/Src/stm32f4xx_hal_flash_ramfunc.o
LOAD ./Drivers/STM32F4xx_HAL_Driver/Src/stm32f4xx_hal_gpio.o
LOAD ./Drivers/STM32F4xx_HAL_Driver/Src/stm32f4xx_hal_pwr.o
LOAD ./Drivers/STM32F4xx_HAL_Driver/Src/stm32f4xx_hal_pwr_ex.o
LOAD ./Drivers/STM32F4xx_HAL_Driver/Src/stm32f4xx_hal_rcc.o
LOAD ./Drivers/STM32F4xx_HAL_Driver/Src/stm32f4xx_hal_rcc_ex.o
LOAD ./Drivers/STM32F4xx_HAL_Driver/Src/stm32f4xx_hal_spi.o
LOAD ./Drivers/STM32F4xx_HAL_Driver/Src/stm32f4xx_hal_tim.o
LOAD ./Drivers/STM32F4xx_HAL_Driver/Src/stm32f4xx_hal_tim_ex.o
LOAD ./Drivers/STM32F4xx_HAL_Driver/Src/stm32f4xx_hal_uart.o
LOAD ./Drivers/STM32F4xx_HAL_Driver/Src/stm32f4xx_ll_adc.o
START GROUP
LOAD C:/ST/STM32CubeIDE_1.18.1/STM32CubeIDE/plugins/com.st.stm32cube.ide.mcu.externaltools.gnu-tools-for-stm32.13.3.rel1.win32_1.0.0.202411081344/tools/bin/../lib/gcc/arm-none-eabi/13.3.1/../../../../arm-none-eabi/lib/thumb/v7e-m+fp/hard\libc_nano.a
LOAD C:/ST/STM32CubeIDE_1.18.1/STM32CubeIDE/plugins/com.st.stm32cube.ide.mcu.externaltools.gnu-tools-for-stm32.13.3.rel1.win32_1.0.0.202411081344/tools/bin/../lib/gcc/arm-none-eabi/13.3.1/../../../../arm-none-eabi/lib/thumb/v7e-m+fp/hard\libm.a
END GROUP
START GROUP
LOAD C:/ST/STM32CubeIDE_1.18.1/STM32CubeIDE/plugins/com.st.stm32cube.ide.mcu.externaltools.gnu-tools-for-stm32.13.3.rel1.win32_1.0.0.202411081344/tools/bin/../lib/gcc/arm-none-eabi/13.3.1/thumb/v7e-m+fp/hard\libgcc.a
LOAD C:/ST/STM32CubeIDE_1.18.1/STM32CubeIDE/plugins/com.st.stm32cube.ide.mcu.externaltools.gnu-tools-for-stm32.13.3.rel1.win32_1.0.0.202411081344/tools/bin/../lib/gcc/arm-none-eabi/13.3.1/../../../../arm-none-eabi/lib/thumb/v7e-m+fp/hard\libc_nano.a
END GROUP
START GROUP
LOAD C:/ST/STM32CubeIDE_1.18.1/STM32CubeIDE/plugins/com.st.stm32cube.ide.mcu.externaltools.gnu-tools-for-stm32.13.3.rel1.win32_1.0.0.202411081344/tools/bin/../lib/gcc/arm-none-eabi/13.3.1/thumb/v7e-m+fp/hard\libgcc.a
LOAD C:/ST/STM32CubeIDE_1.18.1/STM32CubeIDE/plugins/com.st.stm32cube.ide.mcu.externaltools.gnu-tools-for-stm32.13.3.rel1.win32_1.0.0.202411081344/tools/bin/../lib/gcc/arm-none-eabi/13.3.1/../../../../arm-none-eabi/lib/thumb/v7e-m+fp/hard\libc_nano.a
LOAD C:/ST/STM32CubeIDE_1.18.1/STM32CubeIDE/plugins/com.st.stm32cube.ide.mcu.externaltools.gnu-tools-for-stm32.13.3.rel1.win32_1.0.0.202411081344/tools/bin/../lib/gcc/arm-none-eabi/13.3.1/../../../../arm-none-eabi/lib/thumb/v7e-m+fp/hard\libnosys.a
END GROUP
START GROUP
LOAD C:/ST/STM32CubeIDE_1.18.1/STM32CubeIDE/plugins/com.st.stm32cube.ide.mcu.externaltools.gnu-tools-for-stm32.13.3.rel1.win32_1.0.0.202411081344/tools/bin/../lib/gcc/arm-none-eabi/13.3.1/thumb/v7e-m+fp/hard\libgcc.a
LOAD C:/ST/STM32CubeIDE_1.18.1/STM32CubeIDE/plugins/com.st.stm32cube.ide.mcu.externaltools.gnu-tools-for-stm32.13.3.rel1.win32_1.0.0.202411081344/tools/bin/../lib/gcc/arm-none-eabi/13.3.1/../../../../arm-none-eabi/lib/thumb/v7e-m+fp/hard\libc_nano.a
LOAD C:/ST/STM32CubeIDE_1.18.1/STM32CubeIDE/plugins/com.st.stm32cube.ide.mcu.externaltools.gnu-tools-for-stm32.13.3.rel1.win32_1.0.0.202411081344/tools/bin/../lib/gcc/arm-none-eabi/13.3.1/../../../../arm-none-eabi/lib/thumb/v7e-m+fp/hard\libnosys.a
END GROUP
LOAD C:/ST/STM32CubeIDE_1.18.1/STM32CubeIDE/plugins/com.st.stm32cube.ide.mcu.externaltools.gnu-tools-for-stm32.13.3.rel1.win32_1.0.0.202411081344/tools/bin/../lib/gcc/arm-none-eabi/13.3.1/thumb/v7e-m+fp/hard/crtend.o
LOAD C:/ST/STM32CubeIDE_1.18.1/STM32CubeIDE/plugins/com.st.stm32cube.ide.mcu.externaltools.gnu-tools-for-stm32.13.3.rel1.win32_1.0.0.202411081344/tools/bin/../lib/gcc/arm-none-eabi/13.3.1/thumb/v7e-m+fp/hard/crtn.o
                0x20020000                        _estack = (ORIGIN (RAM) + LENGTH (RAM))
                0x00000200                        _Min_Heap_Size = 0x200
                0x00000400                        _Min_Stack_Size = 0x400

.isr_vector     0x08000000      0x198
                0x08000000                        . = ALIGN (0x4)
 *(.isr_vector)
 .isr_vector    0x08000000      0x198 ./Core/Startup/startup_stm32f411retx.o
                0x08000000                g_pfnVectors
                0x08000198                        . = ALIGN (0x4)

.text           0x08000198     0x56d8
                0x08000198                        . = ALIGN (0x4)
 *(.text)
 .text          0x08000198       0x40 C:/ST/STM32CubeIDE_1.18.1/STM32CubeIDE/plugins/com.st.stm32cube.ide.mcu.externaltools.gnu-tools-for-stm32.13.3.rel1.win32_1.0.0.202411081344/tools/bin/../lib/gcc/arm-none-eabi/13.3.1/thumb/v7e-m+fp/hard/crtbegin.o
 .text          0x080001d8       0x30 C:/ST/STM32CubeIDE_1.18.1/STM32CubeIDE/plugins/com.st.stm32cube.ide.mcu.externaltools.gnu-tools-for-stm32.13.3.rel1.win32_1.0.0.202411081344/tools/bin/../lib/gcc/arm-none-eabi/13.3.1/thumb/v7e-m+fp/hard\libgcc.a(_aeabi_uldivmod.o)
                0x080001d8                __aeabi_uldivmod
 .text          0x08000208      0x2f8 C:/ST/STM32CubeIDE_1.18.1/STM32CubeIDE/plugins/com.st.stm32cube.ide.mcu.externaltools.gnu-tools-for-stm32.13.3.rel1.win32_1.0.0.202411081344/tools/bin/../lib/gcc/arm-none-eabi/13.3.1/thumb/v7e-m+fp/hard\libgcc.a(_udivmoddi4.o)
                0x08000208                __udivmoddi4
 .text          0x08000500        0x4 C:/ST/STM32CubeIDE_1.18.1/STM32CubeIDE/plugins/com.st.stm32cube.ide.mcu.externaltools.gnu-tools-for-stm32.13.3.rel1.win32_1.0.0.202411081344/tools/bin/../lib/gcc/arm-none-eabi/13.3.1/thumb/v7e-m+fp/hard\libgcc.a(_dvmd_tls.o)
                0x08000500                __aeabi_idiv0
                0x08000500                __aeabi_ldiv0
 *(.text*)
 .text.AskModem_Init
                0x08000504       0x32 ./Core/Src/ask_modem.o
                0x08000504                AskModem_Init
 *fill*         0x08000536        0x2 
 .text.AskModem_Modulate_DiracTransitions
                0x08000538      0x214 ./Core/Src/ask_modem.o
                0x08000538                AskModem_Modulate_DiracTransitions
 .text.AskModem_Demodulate_ByEdges
                0x0800074c      0x338 ./Core/Src/ask_modem.o
                0x0800074c                AskModem_Demodulate_ByEdges
 .text.AskRingBuffer_Init
                0x08000a84       0x2a ./Core/Src/ask_modem.o
                0x08000a84                AskRingBuffer_Init
 *fill*         0x08000aae        0x2 
 .text.AskRingBuffer_IsFull
                0x08000ab0       0x4c ./Core/Src/ask_modem.o
                0x08000ab0                AskRingBuffer_IsFull
 .text.AskRingBuffer_IsEmpty
                0x08000afc       0x32 ./Core/Src/ask_modem.o
                0x08000afc                AskRingBuffer_IsEmpty
 *fill*         0x08000b2e        0x2 
 .text.AskRingBuffer_Put
                0x08000b30       0x60 ./Core/Src/ask_modem.o
                0x08000b30                AskRingBuffer_Put
 .text.AskRingBuffer_Get
                0x08000b90       0x64 ./Core/Src/ask_modem.o
                0x08000b90                AskRingBuffer_Get
 .text.MCP4922_Select
                0x08000bf4       0x18 ./Core/Src/iq_transmitter.o
 .text.MCP4922_Unselect
                0x08000c0c       0x18 ./Core/Src/iq_transmitter.o
 .text.MCP4922_Pack
                0x08000c24       0x3e ./Core/Src/iq_transmitter.o
 *fill*         0x08000c62        0x2 
 .text.IQTransmitter_InitFromBuffer
                0x08000c64       0x34 ./Core/Src/iq_transmitter.o
                0x08000c64                IQTransmitter_InitFromBuffer
 .text.IQTransmitter_Start
                0x08000c98       0x24 ./Core/Src/iq_transmitter.o
                0x08000c98                IQTransmitter_Start
 .text.IQTransmitter_Stop
                0x08000cbc       0x58 ./Core/Src/iq_transmitter.o
                0x08000cbc                IQTransmitter_Stop
 .text.HAL_TIM_PeriodElapsedCallback
                0x08000d14       0x80 ./Core/Src/iq_transmitter.o
                0x08000d14                HAL_TIM_PeriodElapsedCallback
 .text.HAL_ADC_ConvCpltCallback
                0x08000d94      0x164 ./Core/Src/main.o
                0x08000d94                HAL_ADC_ConvCpltCallback
 .text.Check_EXTI_Reactivation
                0x08000ef8       0x50 ./Core/Src/main.o
                0x08000ef8                Check_EXTI_Reactivation
 .text.HAL_GPIO_EXTI_Callback
                0x08000f48       0x80 ./Core/Src/main.o
                0x08000f48                HAL_GPIO_EXTI_Callback
 .text.OnFrameReceived
                0x08000fc8       0xd8 ./Core/Src/main.o
                0x08000fc8                OnFrameReceived
 .text.main     0x080010a0       0x6c ./Core/Src/main.o
                0x080010a0                main
 .text.SystemClock_Config
                0x0800110c       0xd4 ./Core/Src/main.o
                0x0800110c                SystemClock_Config
 .text.MX_ADC1_Init
                0x080011e0       0xa4 ./Core/Src/main.o
 .text.MX_SPI1_Init
                0x08001284       0x70 ./Core/Src/main.o
 .text.MX_TIM2_Init
                0x080012f4       0x98 ./Core/Src/main.o
 .text.MX_TIM3_Init
                0x0800138c       0xac ./Core/Src/main.o
 .text.MX_USART2_UART_Init
                0x08001438       0x54 ./Core/Src/main.o
 .text.MX_DMA_Init
                0x0800148c       0x50 ./Core/Src/main.o
 .text.MX_GPIO_Init
                0x080014dc      0x140 ./Core/Src/main.o
 .text.Error_Handler
                0x0800161c       0x20 ./Core/Src/main.o
                0x0800161c                Error_Handler
 .text.HAL_MspInit
                0x0800163c       0x50 ./Core/Src/stm32f4xx_hal_msp.o
                0x0800163c                HAL_MspInit
 .text.HAL_ADC_MspInit
                0x0800168c       0xec ./Core/Src/stm32f4xx_hal_msp.o
                0x0800168c                HAL_ADC_MspInit
 .text.HAL_SPI_MspInit
                0x08001778       0xf8 ./Core/Src/stm32f4xx_hal_msp.o
                0x08001778                HAL_SPI_MspInit
 .text.HAL_TIM_Base_MspInit
                0x08001870       0x78 ./Core/Src/stm32f4xx_hal_msp.o
                0x08001870                HAL_TIM_Base_MspInit
 .text.HAL_UART_MspInit
                0x080018e8       0x90 ./Core/Src/stm32f4xx_hal_msp.o
                0x080018e8                HAL_UART_MspInit
 .text.NMI_Handler
                0x08001978        0x8 ./Core/Src/stm32f4xx_it.o
                0x08001978                NMI_Handler
 .text.HardFault_Handler
                0x08001980        0x8 ./Core/Src/stm32f4xx_it.o
                0x08001980                HardFault_Handler
 .text.MemManage_Handler
                0x08001988        0x8 ./Core/Src/stm32f4xx_it.o
                0x08001988                MemManage_Handler
 .text.BusFault_Handler
                0x08001990        0x8 ./Core/Src/stm32f4xx_it.o
                0x08001990                BusFault_Handler
 .text.UsageFault_Handler
                0x08001998        0x8 ./Core/Src/stm32f4xx_it.o
                0x08001998                UsageFault_Handler
 .text.SVC_Handler
                0x080019a0        0xe ./Core/Src/stm32f4xx_it.o
                0x080019a0                SVC_Handler
 .text.DebugMon_Handler
                0x080019ae        0xe ./Core/Src/stm32f4xx_it.o
                0x080019ae                DebugMon_Handler
 .text.PendSV_Handler
                0x080019bc        0xe ./Core/Src/stm32f4xx_it.o
                0x080019bc                PendSV_Handler
 .text.SysTick_Handler
                0x080019ca        0xc ./Core/Src/stm32f4xx_it.o
                0x080019ca                SysTick_Handler
 .text.EXTI0_IRQHandler
                0x080019d6        0xe ./Core/Src/stm32f4xx_it.o
                0x080019d6                EXTI0_IRQHandler
 .text.TIM2_IRQHandler
                0x080019e4       0x14 ./Core/Src/stm32f4xx_it.o
                0x080019e4                TIM2_IRQHandler
 .text.DMA2_Stream0_IRQHandler
                0x080019f8       0x14 ./Core/Src/stm32f4xx_it.o
                0x080019f8                DMA2_Stream0_IRQHandler
 .text.DMA2_Stream2_IRQHandler
                0x08001a0c       0x14 ./Core/Src/stm32f4xx_it.o
                0x08001a0c                DMA2_Stream2_IRQHandler
 .text.SystemInit
                0x08001a20       0x24 ./Core/Src/system_stm32f4xx.o
                0x08001a20                SystemInit
 .text.CalcChecksum
                0x08001a44       0x8e ./Core/Src/uart_protocol.o
 .text.UartProtocol_Init
                0x08001ad2       0x42 ./Core/Src/uart_protocol.o
                0x08001ad2                UartProtocol_Init
 .text.UartProtocol_ParseByte
                0x08001b14      0x190 ./Core/Src/uart_protocol.o
                0x08001b14                UartProtocol_ParseByte
 .text.UartProtocol_SendFrame
                0x08001ca4      0x188 ./Core/Src/uart_protocol.o
                0x08001ca4                UartProtocol_SendFrame
 .text.Reset_Handler
                0x08001e2c       0x50 ./Core/Startup/startup_stm32f411retx.o
                0x08001e2c                Reset_Handler
 .text.Default_Handler
                0x08001e7c        0x2 ./Core/Startup/startup_stm32f411retx.o
                0x08001e7c                RTC_Alarm_IRQHandler
                0x08001e7c                EXTI2_IRQHandler
                0x08001e7c                SPI4_IRQHandler
                0x08001e7c                TIM1_CC_IRQHandler
                0x08001e7c                DMA2_Stream5_IRQHandler
                0x08001e7c                DMA1_Stream5_IRQHandler
                0x08001e7c                PVD_IRQHandler
                0x08001e7c                SDIO_IRQHandler
                0x08001e7c                TAMP_STAMP_IRQHandler
                0x08001e7c                EXTI3_IRQHandler
                0x08001e7c                TIM1_UP_TIM10_IRQHandler
                0x08001e7c                I2C3_ER_IRQHandler
                0x08001e7c                I2C2_EV_IRQHandler
                0x08001e7c                DMA1_Stream2_IRQHandler
                0x08001e7c                FPU_IRQHandler
                0x08001e7c                SPI1_IRQHandler
                0x08001e7c                TIM1_BRK_TIM9_IRQHandler
                0x08001e7c                DMA2_Stream3_IRQHandler
                0x08001e7c                USART6_IRQHandler
                0x08001e7c                TIM4_IRQHandler
                0x08001e7c                I2C1_EV_IRQHandler
                0x08001e7c                DMA1_Stream6_IRQHandler
                0x08001e7c                DMA1_Stream1_IRQHandler
                0x08001e7c                TIM3_IRQHandler
                0x08001e7c                RCC_IRQHandler
                0x08001e7c                Default_Handler
                0x08001e7c                EXTI15_10_IRQHandler
                0x08001e7c                ADC_IRQHandler
                0x08001e7c                DMA1_Stream7_IRQHandler
                0x08001e7c                SPI5_IRQHandler
                0x08001e7c                TIM5_IRQHandler
                0x08001e7c                DMA2_Stream7_IRQHandler
                0x08001e7c                I2C3_EV_IRQHandler
                0x08001e7c                EXTI9_5_IRQHandler
                0x08001e7c                RTC_WKUP_IRQHandler
                0x08001e7c                SPI2_IRQHandler
                0x08001e7c                DMA1_Stream0_IRQHandler
                0x08001e7c                EXTI4_IRQHandler
                0x08001e7c                WWDG_IRQHandler
                0x08001e7c                OTG_FS_WKUP_IRQHandler
                0x08001e7c                TIM1_TRG_COM_TIM11_IRQHandler
                0x08001e7c                EXTI1_IRQHandler
                0x08001e7c                USART2_IRQHandler
                0x08001e7c                I2C2_ER_IRQHandler
                0x08001e7c                DMA2_Stream1_IRQHandler
                0x08001e7c                FLASH_IRQHandler
                0x08001e7c                DMA2_Stream4_IRQHandler
                0x08001e7c                USART1_IRQHandler
                0x08001e7c                OTG_FS_IRQHandler
                0x08001e7c                SPI3_IRQHandler
                0x08001e7c                DMA1_Stream4_IRQHandler
                0x08001e7c                I2C1_ER_IRQHandler
                0x08001e7c                DMA2_Stream6_IRQHandler
                0x08001e7c                DMA1_Stream3_IRQHandler
 *fill*         0x08001e7e        0x2 
 .text.HAL_Init
                0x08001e80       0x44 ./Drivers/STM32F4xx_HAL_Driver/Src/stm32f4xx_hal.o
                0x08001e80                HAL_Init
 .text.HAL_InitTick
                0x08001ec4       0x60 ./Drivers/STM32F4xx_HAL_Driver/Src/stm32f4xx_hal.o
                0x08001ec4                HAL_InitTick
 .text.HAL_IncTick
                0x08001f24       0x28 ./Drivers/STM32F4xx_HAL_Driver/Src/stm32f4xx_hal.o
                0x08001f24                HAL_IncTick
 .text.HAL_GetTick
                0x08001f4c       0x18 ./Drivers/STM32F4xx_HAL_Driver/Src/stm32f4xx_hal.o
                0x08001f4c                HAL_GetTick
 .text.HAL_Delay
                0x08001f64       0x48 ./Drivers/STM32F4xx_HAL_Driver/Src/stm32f4xx_hal.o
                0x08001f64                HAL_Delay
 .text.HAL_ADC_Init
                0x08001fac       0x86 ./Drivers/STM32F4xx_HAL_Driver/Src/stm32f4xx_hal_adc.o
                0x08001fac                HAL_ADC_Init
 *fill*         0x08002032        0x2 
 .text.HAL_ADC_Start_DMA
                0x08002034      0x1e8 ./Drivers/STM32F4xx_HAL_Driver/Src/stm32f4xx_hal_adc.o
                0x08002034                HAL_ADC_Start_DMA
 .text.HAL_ADC_Stop_DMA
                0x0800221c       0xb4 ./Drivers/STM32F4xx_HAL_Driver/Src/stm32f4xx_hal_adc.o
                0x0800221c                HAL_ADC_Stop_DMA
 .text.HAL_ADC_ConvHalfCpltCallback
                0x080022d0       0x14 ./Drivers/STM32F4xx_HAL_Driver/Src/stm32f4xx_hal_adc.o
                0x080022d0                HAL_ADC_ConvHalfCpltCallback
 .text.HAL_ADC_ErrorCallback
                0x080022e4       0x14 ./Drivers/STM32F4xx_HAL_Driver/Src/stm32f4xx_hal_adc.o
                0x080022e4                HAL_ADC_ErrorCallback
 .text.HAL_ADC_ConfigChannel
                0x080022f8      0x264 ./Drivers/STM32F4xx_HAL_Driver/Src/stm32f4xx_hal_adc.o
                0x080022f8                HAL_ADC_ConfigChannel
 .text.ADC_Init
                0x0800255c      0x1f8 ./Drivers/STM32F4xx_HAL_Driver/Src/stm32f4xx_hal_adc.o
 .text.ADC_DMAConvCplt
                0x08002754       0xba ./Drivers/STM32F4xx_HAL_Driver/Src/stm32f4xx_hal_adc.o
 .text.ADC_DMAHalfConvCplt
                0x0800280e       0x1c ./Drivers/STM32F4xx_HAL_Driver/Src/stm32f4xx_hal_adc.o
 .text.ADC_DMAError
                0x0800282a       0x2e ./Drivers/STM32F4xx_HAL_Driver/Src/stm32f4xx_hal_adc.o
 .text.__NVIC_SetPriorityGrouping
                0x08002858       0x48 ./Drivers/STM32F4xx_HAL_Driver/Src/stm32f4xx_hal_cortex.o
 .text.__NVIC_GetPriorityGrouping
                0x080028a0       0x1c ./Drivers/STM32F4xx_HAL_Driver/Src/stm32f4xx_hal_cortex.o
 .text.__NVIC_EnableIRQ
                0x080028bc       0x3c ./Drivers/STM32F4xx_HAL_Driver/Src/stm32f4xx_hal_cortex.o
 .text.__NVIC_DisableIRQ
                0x080028f8       0x48 ./Drivers/STM32F4xx_HAL_Driver/Src/stm32f4xx_hal_cortex.o
 .text.__NVIC_SetPriority
                0x08002940       0x54 ./Drivers/STM32F4xx_HAL_Driver/Src/stm32f4xx_hal_cortex.o
 .text.NVIC_EncodePriority
                0x08002994       0x66 ./Drivers/STM32F4xx_HAL_Driver/Src/stm32f4xx_hal_cortex.o
 *fill*         0x080029fa        0x2 
 .text.SysTick_Config
                0x080029fc       0x44 ./Drivers/STM32F4xx_HAL_Driver/Src/stm32f4xx_hal_cortex.o
 .text.HAL_NVIC_SetPriorityGrouping
                0x08002a40       0x16 ./Drivers/STM32F4xx_HAL_Driver/Src/stm32f4xx_hal_cortex.o
                0x08002a40                HAL_NVIC_SetPriorityGrouping
 .text.HAL_NVIC_SetPriority
                0x08002a56       0x38 ./Drivers/STM32F4xx_HAL_Driver/Src/stm32f4xx_hal_cortex.o
                0x08002a56                HAL_NVIC_SetPriority
 .text.HAL_NVIC_EnableIRQ
                0x08002a8e       0x1c ./Drivers/STM32F4xx_HAL_Driver/Src/stm32f4xx_hal_cortex.o
                0x08002a8e                HAL_NVIC_EnableIRQ
 .text.HAL_NVIC_DisableIRQ
                0x08002aaa       0x1c ./Drivers/STM32F4xx_HAL_Driver/Src/stm32f4xx_hal_cortex.o
                0x08002aaa                HAL_NVIC_DisableIRQ
 .text.HAL_SYSTICK_Config
                0x08002ac6       0x18 ./Drivers/STM32F4xx_HAL_Driver/Src/stm32f4xx_hal_cortex.o
                0x08002ac6                HAL_SYSTICK_Config
 *fill*         0x08002ade        0x2 
 .text.HAL_DMA_Init
                0x08002ae0      0x15c ./Drivers/STM32F4xx_HAL_Driver/Src/stm32f4xx_hal_dma.o
                0x08002ae0                HAL_DMA_Init
 .text.HAL_DMA_Start_IT
                0x08002c3c       0xb0 ./Drivers/STM32F4xx_HAL_Driver/Src/stm32f4xx_hal_dma.o
                0x08002c3c                HAL_DMA_Start_IT
 .text.HAL_DMA_Abort
                0x08002cec       0xe0 ./Drivers/STM32F4xx_HAL_Driver/Src/stm32f4xx_hal_dma.o
                0x08002cec                HAL_DMA_Abort
 .text.HAL_DMA_IRQHandler
                0x08002dcc      0x314 ./Drivers/STM32F4xx_HAL_Driver/Src/stm32f4xx_hal_dma.o
                0x08002dcc                HAL_DMA_IRQHandler
 .text.DMA_SetConfig
                0x080030e0       0x5c ./Drivers/STM32F4xx_HAL_Driver/Src/stm32f4xx_hal_dma.o
 .text.DMA_CalcBaseAndBitshift
                0x0800313c       0x6c ./Drivers/STM32F4xx_HAL_Driver/Src/stm32f4xx_hal_dma.o
 .text.DMA_CheckFifoParam
                0x080031a8       0xf8 ./Drivers/STM32F4xx_HAL_Driver/Src/stm32f4xx_hal_dma.o
 .text.HAL_GPIO_Init
                0x080032a0      0x308 ./Drivers/STM32F4xx_HAL_Driver/Src/stm32f4xx_hal_gpio.o
                0x080032a0                HAL_GPIO_Init
 .text.HAL_GPIO_ReadPin
                0x080035a8       0x30 ./Drivers/STM32F4xx_HAL_Driver/Src/stm32f4xx_hal_gpio.o
                0x080035a8                HAL_GPIO_ReadPin
 .text.HAL_GPIO_WritePin
                0x080035d8       0x32 ./Drivers/STM32F4xx_HAL_Driver/Src/stm32f4xx_hal_gpio.o
                0x080035d8                HAL_GPIO_WritePin
 .text.HAL_GPIO_TogglePin
                0x0800360a       0x34 ./Drivers/STM32F4xx_HAL_Driver/Src/stm32f4xx_hal_gpio.o
                0x0800360a                HAL_GPIO_TogglePin
 *fill*         0x0800363e        0x2 
 .text.HAL_GPIO_EXTI_IRQHandler
                0x08003640       0x30 ./Drivers/STM32F4xx_HAL_Driver/Src/stm32f4xx_hal_gpio.o
                0x08003640                HAL_GPIO_EXTI_IRQHandler
 .text.HAL_RCC_OscConfig
                0x08003670      0x4f0 ./Drivers/STM32F4xx_HAL_Driver/Src/stm32f4xx_hal_rcc.o
                0x08003670                HAL_RCC_OscConfig
 .text.HAL_RCC_ClockConfig
                0x08003b60      0x1cc ./Drivers/STM32F4xx_HAL_Driver/Src/stm32f4xx_hal_rcc.o
                0x08003b60                HAL_RCC_ClockConfig
 .text.HAL_RCC_GetSysClockFreq
                0x08003d2c      0x20c ./Drivers/STM32F4xx_HAL_Driver/Src/stm32f4xx_hal_rcc.o
                0x08003d2c                HAL_RCC_GetSysClockFreq
 .text.HAL_RCC_GetHCLKFreq
                0x08003f38       0x18 ./Drivers/STM32F4xx_HAL_Driver/Src/stm32f4xx_hal_rcc.o
                0x08003f38                HAL_RCC_GetHCLKFreq
 .text.HAL_RCC_GetPCLK1Freq
                0x08003f50       0x28 ./Drivers/STM32F4xx_HAL_Driver/Src/stm32f4xx_hal_rcc.o
                0x08003f50                HAL_RCC_GetPCLK1Freq
 .text.HAL_RCC_GetPCLK2Freq
                0x08003f78       0x28 ./Drivers/STM32F4xx_HAL_Driver/Src/stm32f4xx_hal_rcc.o
                0x08003f78                HAL_RCC_GetPCLK2Freq
 .text.HAL_SPI_Init
                0x08003fa0      0x112 ./Drivers/STM32F4xx_HAL_Driver/Src/stm32f4xx_hal_spi.o
                0x08003fa0                HAL_SPI_Init
 .text.HAL_SPI_Transmit
                0x080040b2      0x288 ./Drivers/STM32F4xx_HAL_Driver/Src/stm32f4xx_hal_spi.o
                0x080040b2                HAL_SPI_Transmit
 *fill*         0x0800433a        0x2 
 .text.SPI_WaitFlagStateUntilTimeout
                0x0800433c      0x110 ./Drivers/STM32F4xx_HAL_Driver/Src/stm32f4xx_hal_spi.o
 .text.SPI_EndRxTxTransaction
                0x0800444c       0xa8 ./Drivers/STM32F4xx_HAL_Driver/Src/stm32f4xx_hal_spi.o
 .text.HAL_TIM_Base_Init
                0x080044f4       0x9e ./Drivers/STM32F4xx_HAL_Driver/Src/stm32f4xx_hal_tim.o
                0x080044f4                HAL_TIM_Base_Init
 *fill*         0x08004592        0x2 
 .text.HAL_TIM_Base_Start
                0x08004594       0xb4 ./Drivers/STM32F4xx_HAL_Driver/Src/stm32f4xx_hal_tim.o
                0x08004594                HAL_TIM_Base_Start
 .text.HAL_TIM_Base_Stop
                0x08004648       0x4e ./Drivers/STM32F4xx_HAL_Driver/Src/stm32f4xx_hal_tim.o
                0x08004648                HAL_TIM_Base_Stop
 *fill*         0x08004696        0x2 
 .text.HAL_TIM_Base_Start_IT
                0x08004698       0xc4 ./Drivers/STM32F4xx_HAL_Driver/Src/stm32f4xx_hal_tim.o
                0x08004698                HAL_TIM_Base_Start_IT
 .text.HAL_TIM_Base_Stop_IT
                0x0800475c       0x5e ./Drivers/STM32F4xx_HAL_Driver/Src/stm32f4xx_hal_tim.o
                0x0800475c                HAL_TIM_Base_Stop_IT
 .text.HAL_TIM_IRQHandler
                0x080047ba      0x1e0 ./Drivers/STM32F4xx_HAL_Driver/Src/stm32f4xx_hal_tim.o
                0x080047ba                HAL_TIM_IRQHandler
 .text.HAL_TIM_ConfigClockSource
                0x0800499a      0x18e ./Drivers/STM32F4xx_HAL_Driver/Src/stm32f4xx_hal_tim.o
                0x0800499a                HAL_TIM_ConfigClockSource
 .text.HAL_TIM_OC_DelayElapsedCallback
                0x08004b28       0x14 ./Drivers/STM32F4xx_HAL_Driver/Src/stm32f4xx_hal_tim.o
                0x08004b28                HAL_TIM_OC_DelayElapsedCallback
 .text.HAL_TIM_IC_CaptureCallback
                0x08004b3c       0x14 ./Drivers/STM32F4xx_HAL_Driver/Src/stm32f4xx_hal_tim.o
                0x08004b3c                HAL_TIM_IC_CaptureCallback
 .text.HAL_TIM_PWM_PulseFinishedCallback
                0x08004b50       0x14 ./Drivers/STM32F4xx_HAL_Driver/Src/stm32f4xx_hal_tim.o
                0x08004b50                HAL_TIM_PWM_PulseFinishedCallback
 .text.HAL_TIM_TriggerCallback
                0x08004b64       0x14 ./Drivers/STM32F4xx_HAL_Driver/Src/stm32f4xx_hal_tim.o
                0x08004b64                HAL_TIM_TriggerCallback
 .text.TIM_Base_SetConfig
                0x08004b78      0x10c ./Drivers/STM32F4xx_HAL_Driver/Src/stm32f4xx_hal_tim.o
                0x08004b78                TIM_Base_SetConfig
 .text.TIM_TI1_ConfigInputStage
                0x08004c84       0x5e ./Drivers/STM32F4xx_HAL_Driver/Src/stm32f4xx_hal_tim.o
 .text.TIM_TI2_ConfigInputStage
                0x08004ce2       0x60 ./Drivers/STM32F4xx_HAL_Driver/Src/stm32f4xx_hal_tim.o
 .text.TIM_ITRx_SetConfig
                0x08004d42       0x36 ./Drivers/STM32F4xx_HAL_Driver/Src/stm32f4xx_hal_tim.o
 .text.TIM_ETR_SetConfig
                0x08004d78       0x40 ./Drivers/STM32F4xx_HAL_Driver/Src/stm32f4xx_hal_tim.o
                0x08004d78                TIM_ETR_SetConfig
 .text.HAL_TIMEx_MasterConfigSynchronization
                0x08004db8       0xdc ./Drivers/STM32F4xx_HAL_Driver/Src/stm32f4xx_hal_tim_ex.o
                0x08004db8                HAL_TIMEx_MasterConfigSynchronization
 .text.HAL_TIMEx_CommutCallback
                0x08004e94       0x14 ./Drivers/STM32F4xx_HAL_Driver/Src/stm32f4xx_hal_tim_ex.o
                0x08004e94                HAL_TIMEx_CommutCallback
 .text.HAL_TIMEx_BreakCallback
                0x08004ea8       0x14 ./Drivers/STM32F4xx_HAL_Driver/Src/stm32f4xx_hal_tim_ex.o
                0x08004ea8                HAL_TIMEx_BreakCallback
 .text.HAL_UART_Init
                0x08004ebc       0xa0 ./Drivers/STM32F4xx_HAL_Driver/Src/stm32f4xx_hal_uart.o
                0x08004ebc                HAL_UART_Init
 .text.HAL_UART_Transmit
                0x08004f5c      0x116 ./Drivers/STM32F4xx_HAL_Driver/Src/stm32f4xx_hal_uart.o
                0x08004f5c                HAL_UART_Transmit
 .text.HAL_UART_Receive
                0x08005072      0x12e ./Drivers/STM32F4xx_HAL_Driver/Src/stm32f4xx_hal_uart.o
                0x08005072                HAL_UART_Receive
 .text.UART_WaitOnFlagUntilTimeout
                0x080051a0       0xb2 ./Drivers/STM32F4xx_HAL_Driver/Src/stm32f4xx_hal_uart.o
 .text.UART_EndRxTransfer
                0x08005252       0xc6 ./Drivers/STM32F4xx_HAL_Driver/Src/stm32f4xx_hal_uart.o
 .text.UART_SetConfig
                0x08005318      0x4e8 ./Drivers/STM32F4xx_HAL_Driver/Src/stm32f4xx_hal_uart.o
 .text.memset   0x08005800       0x10 C:/ST/STM32CubeIDE_1.18.1/STM32CubeIDE/plugins/com.st.stm32cube.ide.mcu.externaltools.gnu-tools-for-stm32.13.3.rel1.win32_1.0.0.202411081344/tools/bin/../lib/gcc/arm-none-eabi/13.3.1/../../../../arm-none-eabi/lib/thumb/v7e-m+fp/hard\libc_nano.a(libc_a-memset.o)
                0x08005800                memset
 .text.__libc_init_array
                0x08005810       0x48 C:/ST/STM32CubeIDE_1.18.1/STM32CubeIDE/plugins/com.st.stm32cube.ide.mcu.externaltools.gnu-tools-for-stm32.13.3.rel1.win32_1.0.0.202411081344/tools/bin/../lib/gcc/arm-none-eabi/13.3.1/../../../../arm-none-eabi/lib/thumb/v7e-m+fp/hard\libc_nano.a(libc_a-init.o)
                0x08005810                __libc_init_array
 *(.glue_7)
 .glue_7        0x08005858        0x0 linker stubs
 *(.glue_7t)
 .glue_7t       0x08005858        0x0 linker stubs
 *(.eh_frame)
 .eh_frame      0x08005858        0x0 C:/ST/STM32CubeIDE_1.18.1/STM32CubeIDE/plugins/com.st.stm32cube.ide.mcu.externaltools.gnu-tools-for-stm32.13.3.rel1.win32_1.0.0.202411081344/tools/bin/../lib/gcc/arm-none-eabi/13.3.1/thumb/v7e-m+fp/hard/crtbegin.o
 *(.init)
 .init          0x08005858        0x4 C:/ST/STM32CubeIDE_1.18.1/STM32CubeIDE/plugins/com.st.stm32cube.ide.mcu.externaltools.gnu-tools-for-stm32.13.3.rel1.win32_1.0.0.202411081344/tools/bin/../lib/gcc/arm-none-eabi/13.3.1/thumb/v7e-m+fp/hard/crti.o
                0x08005858                _init
 .init          0x0800585c        0x8 C:/ST/STM32CubeIDE_1.18.1/STM32CubeIDE/plugins/com.st.stm32cube.ide.mcu.externaltools.gnu-tools-for-stm32.13.3.rel1.win32_1.0.0.202411081344/tools/bin/../lib/gcc/arm-none-eabi/13.3.1/thumb/v7e-m+fp/hard/crtn.o
 *(.fini)
 .fini          0x08005864        0x4 C:/ST/STM32CubeIDE_1.18.1/STM32CubeIDE/plugins/com.st.stm32cube.ide.mcu.externaltools.gnu-tools-for-stm32.13.3.rel1.win32_1.0.0.202411081344/tools/bin/../lib/gcc/arm-none-eabi/13.3.1/thumb/v7e-m+fp/hard/crti.o
                0x08005864                _fini
 .fini          0x08005868        0x8 C:/ST/STM32CubeIDE_1.18.1/STM32CubeIDE/plugins/com.st.stm32cube.ide.mcu.externaltools.gnu-tools-for-stm32.13.3.rel1.win32_1.0.0.202411081344/tools/bin/../lib/gcc/arm-none-eabi/13.3.1/thumb/v7e-m+fp/hard/crtn.o
                0x08005870                        . = ALIGN (0x4)
                0x08005870                        _etext = .

.vfp11_veneer   0x08005870        0x0
 .vfp11_veneer  0x08005870        0x0 linker stubs

.v4_bx          0x08005870        0x0
 .v4_bx         0x08005870        0x0 linker stubs

.iplt           0x08005870        0x0
 .iplt          0x08005870        0x0 C:/ST/STM32CubeIDE_1.18.1/STM32CubeIDE/plugins/com.st.stm32cube.ide.mcu.externaltools.gnu-tools-for-stm32.13.3.rel1.win32_1.0.0.202411081344/tools/bin/../lib/gcc/arm-none-eabi/13.3.1/thumb/v7e-m+fp/hard/crtbegin.o

.rodata         0x08005870       0x20
                0x08005870                        . = ALIGN (0x4)
 *(.rodata)
 *(.rodata*)
 .rodata.AHBPrescTable
                0x08005870       0x10 ./Core/Src/system_stm32f4xx.o
                0x08005870                AHBPrescTable
 .rodata.APBPrescTable
                0x08005880        0x8 ./Core/Src/system_stm32f4xx.o
                0x08005880                APBPrescTable
 .rodata.flagBitshiftOffset.0
                0x08005888        0x8 ./Drivers/STM32F4xx_HAL_Driver/Src/stm32f4xx_hal_dma.o
                0x08005890                        . = ALIGN (0x4)

.ARM.extab      0x08005890        0x0
                0x08005890                        . = ALIGN (0x4)
 *(.ARM.extab* .gnu.linkonce.armextab.*)
                0x08005890                        . = ALIGN (0x4)

.ARM            0x08005890        0x8
                0x08005890                        . = ALIGN (0x4)
                0x08005890                        __exidx_start = .
 *(.ARM.exidx*)
 .ARM.exidx     0x08005890        0x8 C:/ST/STM32CubeIDE_1.18.1/STM32CubeIDE/plugins/com.st.stm32cube.ide.mcu.externaltools.gnu-tools-for-stm32.13.3.rel1.win32_1.0.0.202411081344/tools/bin/../lib/gcc/arm-none-eabi/13.3.1/thumb/v7e-m+fp/hard\libgcc.a(_udivmoddi4.o)
                0x08005898                        __exidx_end = .
                0x08005898                        . = ALIGN (0x4)

.preinit_array  0x08005898        0x0
                0x08005898                        . = ALIGN (0x4)
                0x08005898                        PROVIDE (__preinit_array_start = .)
 *(.preinit_array*)
                0x08005898                        PROVIDE (__preinit_array_end = .)
                0x08005898                        . = ALIGN (0x4)

.init_array     0x08005898        0x4
                0x08005898                        . = ALIGN (0x4)
                0x08005898                        PROVIDE (__init_array_start = .)
 *(SORT_BY_NAME(.init_array.*))
 *(.init_array*)
 .init_array    0x08005898        0x4 C:/ST/STM32CubeIDE_1.18.1/STM32CubeIDE/plugins/com.st.stm32cube.ide.mcu.externaltools.gnu-tools-for-stm32.13.3.rel1.win32_1.0.0.202411081344/tools/bin/../lib/gcc/arm-none-eabi/13.3.1/thumb/v7e-m+fp/hard/crtbegin.o
                0x0800589c                        PROVIDE (__init_array_end = .)
                0x0800589c                        . = ALIGN (0x4)

.fini_array     0x0800589c        0x4
                0x0800589c                        . = ALIGN (0x4)
                [!provide]                        PROVIDE (__fini_array_start = .)
 *(SORT_BY_NAME(.fini_array.*))
 *(.fini_array*)
 .fini_array    0x0800589c        0x4 C:/ST/STM32CubeIDE_1.18.1/STM32CubeIDE/plugins/com.st.stm32cube.ide.mcu.externaltools.gnu-tools-for-stm32.13.3.rel1.win32_1.0.0.202411081344/tools/bin/../lib/gcc/arm-none-eabi/13.3.1/thumb/v7e-m+fp/hard/crtbegin.o
                [!provide]                        PROVIDE (__fini_array_end = .)
                0x080058a0                        . = ALIGN (0x4)
                0x080058a0                        _sidata = LOADADDR (.data)

.rel.dyn        0x080058a0        0x0
 .rel.iplt      0x080058a0        0x0 C:/ST/STM32CubeIDE_1.18.1/STM32CubeIDE/plugins/com.st.stm32cube.ide.mcu.externaltools.gnu-tools-for-stm32.13.3.rel1.win32_1.0.0.202411081344/tools/bin/../lib/gcc/arm-none-eabi/13.3.1/thumb/v7e-m+fp/hard/crtbegin.o

.data           0x20000000       0x10 load address 0x080058a0
                0x20000000                        . = ALIGN (0x4)
                0x20000000                        _sdata = .
 *(.data)
 *(.data*)
 .data.samples_per_symbol
                0x20000000        0x2 ./Core/Src/main.o
                0x20000000                samples_per_symbol
 *fill*         0x20000002        0x2 
 .data.SystemCoreClock
                0x20000004        0x4 ./Core/Src/system_stm32f4xx.o
                0x20000004                SystemCoreClock
 .data.uwTickPrio
                0x20000008        0x4 ./Drivers/STM32F4xx_HAL_Driver/Src/stm32f4xx_hal.o
                0x20000008                uwTickPrio
 .data.uwTickFreq
                0x2000000c        0x1 ./Drivers/STM32F4xx_HAL_Driver/Src/stm32f4xx_hal.o
                0x2000000c                uwTickFreq
 *(.RamFunc)
 *(.RamFunc*)
                0x20000010                        . = ALIGN (0x4)
 *fill*         0x2000000d        0x3 
                0x20000010                        _edata = .

.igot.plt       0x20000010        0x0 load address 0x080058b0
 .igot.plt      0x20000010        0x0 C:/ST/STM32CubeIDE_1.18.1/STM32CubeIDE/plugins/com.st.stm32cube.ide.mcu.externaltools.gnu-tools-for-stm32.13.3.rel1.win32_1.0.0.202411081344/tools/bin/../lib/gcc/arm-none-eabi/13.3.1/thumb/v7e-m+fp/hard/crtbegin.o
                0x20000010                        . = ALIGN (0x4)

.bss            0x20000010    0x14154 load address 0x080058b0
                0x20000010                        _sbss = .
                0x20000010                        __bss_start__ = _sbss
 *(.bss)
 .bss           0x20000010       0x1c C:/ST/STM32CubeIDE_1.18.1/STM32CubeIDE/plugins/com.st.stm32cube.ide.mcu.externaltools.gnu-tools-for-stm32.13.3.rel1.win32_1.0.0.202411081344/tools/bin/../lib/gcc/arm-none-eabi/13.3.1/thumb/v7e-m+fp/hard/crtbegin.o
 *(.bss*)
 .bss.iq_tx     0x2000002c       0x10 ./Core/Src/iq_transmitter.o
 .bss.hadc1     0x2000003c       0x48 ./Core/Src/main.o
                0x2000003c                hadc1
 .bss.hdma_adc1
                0x20000084       0x60 ./Core/Src/main.o
                0x20000084                hdma_adc1
 .bss.hspi1     0x200000e4       0x58 ./Core/Src/main.o
                0x200000e4                hspi1
 .bss.hdma_spi1_tx
                0x2000013c       0x60 ./Core/Src/main.o
                0x2000013c                hdma_spi1_tx
 .bss.htim2     0x2000019c       0x48 ./Core/Src/main.o
                0x2000019c                htim2
 .bss.htim3     0x200001e4       0x48 ./Core/Src/main.o
                0x200001e4                htim3
 .bss.huart2    0x2000022c       0x48 ./Core/Src/main.o
                0x2000022c                huart2
 .bss.adc_buffer
                0x20000274     0xea60 ./Core/Src/main.o
                0x20000274                adc_buffer
 .bss.tx_signal
                0x2000ecd4     0x1c20 ./Core/Src/main.o
 .bss.tx_signal_len
                0x200108f4        0x2 ./Core/Src/main.o
                0x200108f4                tx_signal_len
 *fill*         0x200108f6        0x2 
 .bss.ask_modem
                0x200108f8        0xc ./Core/Src/main.o
                0x200108f8                ask_modem
 .bss.tx_ringbuf
                0x20010904     0x1c28 ./Core/Src/main.o
                0x20010904                tx_ringbuf
 .bss.rx_ringbuf
                0x2001252c     0x1c28 ./Core/Src/main.o
                0x2001252c                rx_ringbuf
 .bss.ask_synch_triggered
                0x20014154        0x1 ./Core/Src/main.o
                0x20014154                ask_synch_triggered
 .bss.exti_blocked
                0x20014155        0x1 ./Core/Src/main.o
                0x20014155                exti_blocked
 *fill*         0x20014156        0x2 
 .bss.exti_reenable_time
                0x20014158        0x4 ./Core/Src/main.o
                0x20014158                exti_reenable_time
 .bss.adc_ready
                0x2001415c        0x1 ./Core/Src/main.o
                0x2001415c                adc_ready
 *fill*         0x2001415d        0x3 
 .bss.uwTick    0x20014160        0x4 ./Drivers/STM32F4xx_HAL_Driver/Src/stm32f4xx_hal.o
                0x20014160                uwTick
 *(COMMON)
                0x20014164                        . = ALIGN (0x4)
                0x20014164                        _ebss = .
                0x20014164                        __bss_end__ = _ebss

._user_heap_stack
                0x20014164      0x604 load address 0x080058b0
                0x20014168                        . = ALIGN (0x8)
 *fill*         0x20014164        0x4 
                [!provide]                        PROVIDE (end = .)
                0x20014168                        PROVIDE (_end = .)
                0x20014368                        . = (. + _Min_Heap_Size)
 *fill*         0x20014168      0x200 
                0x20014768                        . = (. + _Min_Stack_Size)
 *fill*         0x20014368      0x400 
                0x20014768                        . = ALIGN (0x8)

/DISCARD/
 libc.a(*)
 libm.a(*)
 libgcc.a(*)

.ARM.attributes
                0x00000000       0x30
 *(.ARM.attributes)
 .ARM.attributes
                0x00000000       0x22 C:/ST/STM32CubeIDE_1.18.1/STM32CubeIDE/plugins/com.st.stm32cube.ide.mcu.externaltools.gnu-tools-for-stm32.13.3.rel1.win32_1.0.0.202411081344/tools/bin/../lib/gcc/arm-none-eabi/13.3.1/thumb/v7e-m+fp/hard/crti.o
 .ARM.attributes
                0x00000022       0x34 C:/ST/STM32CubeIDE_1.18.1/STM32CubeIDE/plugins/com.st.stm32cube.ide.mcu.externaltools.gnu-tools-for-stm32.13.3.rel1.win32_1.0.0.202411081344/tools/bin/../lib/gcc/arm-none-eabi/13.3.1/thumb/v7e-m+fp/hard/crtbegin.o
 .ARM.attributes
                0x00000056       0x34 ./Core/Src/ask_modem.o
 .ARM.attributes
                0x0000008a       0x34 ./Core/Src/iq_transmitter.o
 .ARM.attributes
                0x000000be       0x34 ./Core/Src/main.o
 .ARM.attributes
                0x000000f2       0x34 ./Core/Src/stm32f4xx_hal_msp.o
 .ARM.attributes
                0x00000126       0x34 ./Core/Src/stm32f4xx_it.o
 .ARM.attributes
                0x0000015a       0x34 ./Core/Src/system_stm32f4xx.o
 .ARM.attributes
                0x0000018e       0x34 ./Core/Src/uart_protocol.o
 .ARM.attributes
                0x000001c2       0x21 ./Core/Startup/startup_stm32f411retx.o
 .ARM.attributes
                0x000001e3       0x34 ./Drivers/STM32F4xx_HAL_Driver/Src/stm32f4xx_hal.o
 .ARM.attributes
                0x00000217       0x34 ./Drivers/STM32F4xx_HAL_Driver/Src/stm32f4xx_hal_adc.o
 .ARM.attributes
                0x0000024b       0x34 ./Drivers/STM32F4xx_HAL_Driver/Src/stm32f4xx_hal_cortex.o
 .ARM.attributes
                0x0000027f       0x34 ./Drivers/STM32F4xx_HAL_Driver/Src/stm32f4xx_hal_dma.o
 .ARM.attributes
                0x000002b3       0x34 ./Drivers/STM32F4xx_HAL_Driver/Src/stm32f4xx_hal_gpio.o
 .ARM.attributes
                0x000002e7       0x34 ./Drivers/STM32F4xx_HAL_Driver/Src/stm32f4xx_hal_rcc.o
 .ARM.attributes
                0x0000031b       0x34 ./Drivers/STM32F4xx_HAL_Driver/Src/stm32f4xx_hal_spi.o
 .ARM.attributes
                0x0000034f       0x34 ./Drivers/STM32F4xx_HAL_Driver/Src/stm32f4xx_hal_tim.o
 .ARM.attributes
                0x00000383       0x34 ./Drivers/STM32F4xx_HAL_Driver/Src/stm32f4xx_hal_tim_ex.o
 .ARM.attributes
                0x000003b7       0x34 ./Drivers/STM32F4xx_HAL_Driver/Src/stm32f4xx_hal_uart.o
 .ARM.attributes
                0x000003eb       0x34 C:/ST/STM32CubeIDE_1.18.1/STM32CubeIDE/plugins/com.st.stm32cube.ide.mcu.externaltools.gnu-tools-for-stm32.13.3.rel1.win32_1.0.0.202411081344/tools/bin/../lib/gcc/arm-none-eabi/13.3.1/../../../../arm-none-eabi/lib/thumb/v7e-m+fp/hard\libc_nano.a(libc_a-memset.o)
 .ARM.attributes
                0x0000041f       0x34 C:/ST/STM32CubeIDE_1.18.1/STM32CubeIDE/plugins/com.st.stm32cube.ide.mcu.externaltools.gnu-tools-for-stm32.13.3.rel1.win32_1.0.0.202411081344/tools/bin/../lib/gcc/arm-none-eabi/13.3.1/../../../../arm-none-eabi/lib/thumb/v7e-m+fp/hard\libc_nano.a(libc_a-init.o)
 .ARM.attributes
                0x00000453       0x22 C:/ST/STM32CubeIDE_1.18.1/STM32CubeIDE/plugins/com.st.stm32cube.ide.mcu.externaltools.gnu-tools-for-stm32.13.3.rel1.win32_1.0.0.202411081344/tools/bin/../lib/gcc/arm-none-eabi/13.3.1/thumb/v7e-m+fp/hard\libgcc.a(_aeabi_uldivmod.o)
 .ARM.attributes
                0x00000475       0x34 C:/ST/STM32CubeIDE_1.18.1/STM32CubeIDE/plugins/com.st.stm32cube.ide.mcu.externaltools.gnu-tools-for-stm32.13.3.rel1.win32_1.0.0.202411081344/tools/bin/../lib/gcc/arm-none-eabi/13.3.1/thumb/v7e-m+fp/hard\libgcc.a(_udivmoddi4.o)
 .ARM.attributes
                0x000004a9       0x22 C:/ST/STM32CubeIDE_1.18.1/STM32CubeIDE/plugins/com.st.stm32cube.ide.mcu.externaltools.gnu-tools-for-stm32.13.3.rel1.win32_1.0.0.202411081344/tools/bin/../lib/gcc/arm-none-eabi/13.3.1/thumb/v7e-m+fp/hard\libgcc.a(_dvmd_tls.o)
 .ARM.attributes
                0x000004cb       0x22 C:/ST/STM32CubeIDE_1.18.1/STM32CubeIDE/plugins/com.st.stm32cube.ide.mcu.externaltools.gnu-tools-for-stm32.13.3.rel1.win32_1.0.0.202411081344/tools/bin/../lib/gcc/arm-none-eabi/13.3.1/thumb/v7e-m+fp/hard/crtn.o
OUTPUT(Accoustic.elf elf32-littlearm)
LOAD linker stubs
LOAD C:/ST/STM32CubeIDE_1.18.1/STM32CubeIDE/plugins/com.st.stm32cube.ide.mcu.externaltools.gnu-tools-for-stm32.13.3.rel1.win32_1.0.0.202411081344/tools/bin/../lib/gcc/arm-none-eabi/13.3.1/../../../../arm-none-eabi/lib/thumb/v7e-m+fp/hard\libc.a
LOAD C:/ST/STM32CubeIDE_1.18.1/STM32CubeIDE/plugins/com.st.stm32cube.ide.mcu.externaltools.gnu-tools-for-stm32.13.3.rel1.win32_1.0.0.202411081344/tools/bin/../lib/gcc/arm-none-eabi/13.3.1/../../../../arm-none-eabi/lib/thumb/v7e-m+fp/hard\libm.a
LOAD C:/ST/STM32CubeIDE_1.18.1/STM32CubeIDE/plugins/com.st.stm32cube.ide.mcu.externaltools.gnu-tools-for-stm32.13.3.rel1.win32_1.0.0.202411081344/tools/bin/../lib/gcc/arm-none-eabi/13.3.1/thumb/v7e-m+fp/hard\libgcc.a

.debug_info     0x00000000    0x126cb
 .debug_info    0x00000000      0xe92 ./Core/Src/ask_modem.o
 .debug_info    0x00000e92      0xe15 ./Core/Src/iq_transmitter.o
 .debug_info    0x00001ca7     0x2021 ./Core/Src/main.o
 .debug_info    0x00003cc8     0x154e ./Core/Src/stm32f4xx_hal_msp.o
 .debug_info    0x00005216      0x759 ./Core/Src/stm32f4xx_it.o
 .debug_info    0x0000596f      0x53e ./Core/Src/system_stm32f4xx.o
 .debug_info    0x00005ead      0x97b ./Core/Src/uart_protocol.o
 .debug_info    0x00006828       0x30 ./Core/Startup/startup_stm32f411retx.o
 .debug_info    0x00006858      0x8c4 ./Drivers/STM32F4xx_HAL_Driver/Src/stm32f4xx_hal.o
 .debug_info    0x0000711c      0xce0 ./Drivers/STM32F4xx_HAL_Driver/Src/stm32f4xx_hal_adc.o
 .debug_info    0x00007dfc      0xcfc ./Drivers/STM32F4xx_HAL_Driver/Src/stm32f4xx_hal_cortex.o
 .debug_info    0x00008af8      0x8e6 ./Drivers/STM32F4xx_HAL_Driver/Src/stm32f4xx_hal_dma.o
 .debug_info    0x000093de      0x6f9 ./Drivers/STM32F4xx_HAL_Driver/Src/stm32f4xx_hal_gpio.o
 .debug_info    0x00009ad7      0x904 ./Drivers/STM32F4xx_HAL_Driver/Src/stm32f4xx_hal_rcc.o
 .debug_info    0x0000a3db     0x1530 ./Drivers/STM32F4xx_HAL_Driver/Src/stm32f4xx_hal_spi.o
 .debug_info    0x0000b90b     0x2996 ./Drivers/STM32F4xx_HAL_Driver/Src/stm32f4xx_hal_tim.o
 .debug_info    0x0000e2a1     0x14d4 ./Drivers/STM32F4xx_HAL_Driver/Src/stm32f4xx_hal_tim_ex.o
 .debug_info    0x0000f775     0x2f56 ./Drivers/STM32F4xx_HAL_Driver/Src/stm32f4xx_hal_uart.o

.debug_abbrev   0x00000000     0x28f5
 .debug_abbrev  0x00000000      0x2bf ./Core/Src/ask_modem.o
 .debug_abbrev  0x000002bf      0x27b ./Core/Src/iq_transmitter.o
 .debug_abbrev  0x0000053a      0x36b ./Core/Src/main.o
 .debug_abbrev  0x000008a5      0x260 ./Core/Src/stm32f4xx_hal_msp.o
 .debug_abbrev  0x00000b05      0x1bc ./Core/Src/stm32f4xx_it.o
 .debug_abbrev  0x00000cc1      0x11a ./Core/Src/system_stm32f4xx.o
 .debug_abbrev  0x00000ddb      0x224 ./Core/Src/uart_protocol.o
 .debug_abbrev  0x00000fff       0x24 ./Core/Startup/startup_stm32f411retx.o
 .debug_abbrev  0x00001023      0x24b ./Drivers/STM32F4xx_HAL_Driver/Src/stm32f4xx_hal.o
 .debug_abbrev  0x0000126e      0x20e ./Drivers/STM32F4xx_HAL_Driver/Src/stm32f4xx_hal_adc.o
 .debug_abbrev  0x0000147c      0x31d ./Drivers/STM32F4xx_HAL_Driver/Src/stm32f4xx_hal_cortex.o
 .debug_abbrev  0x00001799      0x221 ./Drivers/STM32F4xx_HAL_Driver/Src/stm32f4xx_hal_dma.o
 .debug_abbrev  0x000019ba      0x1d3 ./Drivers/STM32F4xx_HAL_Driver/Src/stm32f4xx_hal_gpio.o
 .debug_abbrev  0x00001b8d      0x2b6 ./Drivers/STM32F4xx_HAL_Driver/Src/stm32f4xx_hal_rcc.o
 .debug_abbrev  0x00001e43      0x276 ./Drivers/STM32F4xx_HAL_Driver/Src/stm32f4xx_hal_spi.o
 .debug_abbrev  0x000020b9      0x28b ./Drivers/STM32F4xx_HAL_Driver/Src/stm32f4xx_hal_tim.o
 .debug_abbrev  0x00002344      0x296 ./Drivers/STM32F4xx_HAL_Driver/Src/stm32f4xx_hal_tim_ex.o
 .debug_abbrev  0x000025da      0x31b ./Drivers/STM32F4xx_HAL_Driver/Src/stm32f4xx_hal_uart.o

.debug_aranges  0x00000000     0x1068
 .debug_aranges
                0x00000000       0x78 ./Core/Src/ask_modem.o
 .debug_aranges
                0x00000078       0x60 ./Core/Src/iq_transmitter.o
 .debug_aranges
                0x000000d8       0x88 ./Core/Src/main.o
 .debug_aranges
                0x00000160       0x60 ./Core/Src/stm32f4xx_hal_msp.o
 .debug_aranges
                0x000001c0       0x80 ./Core/Src/stm32f4xx_it.o
 .debug_aranges
                0x00000240       0x28 ./Core/Src/system_stm32f4xx.o
 .debug_aranges
                0x00000268       0x50 ./Core/Src/uart_protocol.o
 .debug_aranges
                0x000002b8       0x28 ./Core/Startup/startup_stm32f411retx.o
 .debug_aranges
                0x000002e0       0xf0 ./Drivers/STM32F4xx_HAL_Driver/Src/stm32f4xx_hal.o
 .debug_aranges
                0x000003d0       0xe8 ./Drivers/STM32F4xx_HAL_Driver/Src/stm32f4xx_hal_adc.o
 .debug_aranges
                0x000004b8      0x130 ./Drivers/STM32F4xx_HAL_Driver/Src/stm32f4xx_hal_cortex.o
 .debug_aranges
                0x000005e8       0x90 ./Drivers/STM32F4xx_HAL_Driver/Src/stm32f4xx_hal_dma.o
 .debug_aranges
                0x00000678       0x58 ./Drivers/STM32F4xx_HAL_Driver/Src/stm32f4xx_hal_gpio.o
 .debug_aranges
                0x000006d0       0x88 ./Drivers/STM32F4xx_HAL_Driver/Src/stm32f4xx_hal_rcc.o
 .debug_aranges
                0x00000758      0x1d0 ./Drivers/STM32F4xx_HAL_Driver/Src/stm32f4xx_hal_spi.o
 .debug_aranges
                0x00000928      0x3d0 ./Drivers/STM32F4xx_HAL_Driver/Src/stm32f4xx_hal_tim.o
 .debug_aranges
                0x00000cf8      0x168 ./Drivers/STM32F4xx_HAL_Driver/Src/stm32f4xx_hal_tim_ex.o
 .debug_aranges
                0x00000e60      0x208 ./Drivers/STM32F4xx_HAL_Driver/Src/stm32f4xx_hal_uart.o

.debug_rnglists
                0x00000000      0xcd9
 .debug_rnglists
                0x00000000       0x5a ./Core/Src/ask_modem.o
 .debug_rnglists
                0x0000005a       0x44 ./Core/Src/iq_transmitter.o
 .debug_rnglists
                0x0000009e       0x69 ./Core/Src/main.o
 .debug_rnglists
                0x00000107       0x46 ./Core/Src/stm32f4xx_hal_msp.o
 .debug_rnglists
                0x0000014d       0x5b ./Core/Src/stm32f4xx_it.o
 .debug_rnglists
                0x000001a8       0x1a ./Core/Src/system_stm32f4xx.o
 .debug_rnglists
                0x000001c2       0x3b ./Core/Src/uart_protocol.o
 .debug_rnglists
                0x000001fd       0x19 ./Core/Startup/startup_stm32f411retx.o
 .debug_rnglists
                0x00000216       0xaf ./Drivers/STM32F4xx_HAL_Driver/Src/stm32f4xx_hal.o
 .debug_rnglists
                0x000002c5       0xb5 ./Drivers/STM32F4xx_HAL_Driver/Src/stm32f4xx_hal_adc.o
 .debug_rnglists
                0x0000037a       0xe0 ./Drivers/STM32F4xx_HAL_Driver/Src/stm32f4xx_hal_cortex.o
 .debug_rnglists
                0x0000045a       0x70 ./Drivers/STM32F4xx_HAL_Driver/Src/stm32f4xx_hal_dma.o
 .debug_rnglists
                0x000004ca       0x3f ./Drivers/STM32F4xx_HAL_Driver/Src/stm32f4xx_hal_gpio.o
 .debug_rnglists
                0x00000509       0x66 ./Drivers/STM32F4xx_HAL_Driver/Src/stm32f4xx_hal_rcc.o
 .debug_rnglists
                0x0000056f      0x16f ./Drivers/STM32F4xx_HAL_Driver/Src/stm32f4xx_hal_spi.o
 .debug_rnglists
                0x000006de      0x31a ./Drivers/STM32F4xx_HAL_Driver/Src/stm32f4xx_hal_tim.o
 .debug_rnglists
                0x000009f8      0x125 ./Drivers/STM32F4xx_HAL_Driver/Src/stm32f4xx_hal_tim_ex.o
 .debug_rnglists
                0x00000b1d      0x1bc ./Drivers/STM32F4xx_HAL_Driver/Src/stm32f4xx_hal_uart.o

.debug_macro    0x00000000    0x185bd
 .debug_macro   0x00000000      0x309 ./Core/Src/ask_modem.o
 .debug_macro   0x00000309      0xad8 ./Core/Src/ask_modem.o
 .debug_macro   0x00000de1       0x22 ./Core/Src/ask_modem.o
 .debug_macro   0x00000e03       0x8e ./Core/Src/ask_modem.o
 .debug_macro   0x00000e91       0x51 ./Core/Src/ask_modem.o
 .debug_macro   0x00000ee2      0x103 ./Core/Src/ask_modem.o
 .debug_macro   0x00000fe5       0x6a ./Core/Src/ask_modem.o
 .debug_macro   0x0000104f      0x1df ./Core/Src/ask_modem.o
 .debug_macro   0x0000122e      0x2a7 ./Core/Src/ask_modem.o
 .debug_macro   0x000014d5       0x2e ./Core/Src/ask_modem.o
 .debug_macro   0x00001503       0x28 ./Core/Src/ask_modem.o
 .debug_macro   0x0000152b       0x1c ./Core/Src/ask_modem.o
 .debug_macro   0x00001547       0x22 ./Core/Src/ask_modem.o
 .debug_macro   0x00001569       0xfb ./Core/Src/ask_modem.o
 .debug_macro   0x00001664     0x1011 ./Core/Src/ask_modem.o
 .debug_macro   0x00002675      0x11f ./Core/Src/ask_modem.o
 .debug_macro   0x00002794     0xb968 ./Core/Src/ask_modem.o
 .debug_macro   0x0000e0fc       0x6d ./Core/Src/ask_modem.o
 .debug_macro   0x0000e169     0x3693 ./Core/Src/ask_modem.o
 .debug_macro   0x000117fc      0x190 ./Core/Src/ask_modem.o
 .debug_macro   0x0001198c       0x5c ./Core/Src/ask_modem.o
 .debug_macro   0x000119e8      0x45c ./Core/Src/ask_modem.o
 .debug_macro   0x00011e44      0x9e9 ./Core/Src/ask_modem.o
 .debug_macro   0x0001282d      0x115 ./Core/Src/ask_modem.o
 .debug_macro   0x00012942      0x11b ./Core/Src/ask_modem.o
 .debug_macro   0x00012a5d       0xa5 ./Core/Src/ask_modem.o
 .debug_macro   0x00012b02      0x15f ./Core/Src/ask_modem.o
 .debug_macro   0x00012c61      0x287 ./Core/Src/ask_modem.o
 .debug_macro   0x00012ee8       0x5f ./Core/Src/ask_modem.o
 .debug_macro   0x00012f47      0x236 ./Core/Src/ask_modem.o
 .debug_macro   0x0001317d      0x9e1 ./Core/Src/ask_modem.o
 .debug_macro   0x00013b5e      0x38b ./Core/Src/ask_modem.o
 .debug_macro   0x00013ee9      0x17d ./Core/Src/ask_modem.o
 .debug_macro   0x00014066       0xf9 ./Core/Src/ask_modem.o
 .debug_macro   0x0001415f      0x132 ./Core/Src/ask_modem.o
 .debug_macro   0x00014291      0x264 ./Core/Src/ask_modem.o
 .debug_macro   0x000144f5       0x2e ./Core/Src/ask_modem.o
 .debug_macro   0x00014523      0x127 ./Core/Src/ask_modem.o
 .debug_macro   0x0001464a       0x85 ./Core/Src/ask_modem.o
 .debug_macro   0x000146cf       0x89 ./Core/Src/ask_modem.o
 .debug_macro   0x00014758      0x225 ./Core/Src/ask_modem.o
 .debug_macro   0x0001497d      0x8ed ./Core/Src/ask_modem.o
 .debug_macro   0x0001526a       0x47 ./Core/Src/ask_modem.o
 .debug_macro   0x000152b1      0x2aa ./Core/Src/ask_modem.o
 .debug_macro   0x0001555b      0x126 ./Core/Src/ask_modem.o
 .debug_macro   0x00015681       0x34 ./Core/Src/ask_modem.o
 .debug_macro   0x000156b5       0x61 ./Core/Src/ask_modem.o
 .debug_macro   0x00015716       0x2a ./Core/Src/ask_modem.o
 .debug_macro   0x00015740       0x43 ./Core/Src/ask_modem.o
 .debug_macro   0x00015783       0x34 ./Core/Src/ask_modem.o
 .debug_macro   0x000157b7      0x370 ./Core/Src/ask_modem.o
 .debug_macro   0x00015b27       0x16 ./Core/Src/ask_modem.o
 .debug_macro   0x00015b3d       0x4a ./Core/Src/ask_modem.o
 .debug_macro   0x00015b87       0x34 ./Core/Src/ask_modem.o
 .debug_macro   0x00015bbb       0x10 ./Core/Src/ask_modem.o
 .debug_macro   0x00015bcb       0x58 ./Core/Src/ask_modem.o
 .debug_macro   0x00015c23       0x8e ./Core/Src/ask_modem.o
 .debug_macro   0x00015cb1       0x1c ./Core/Src/ask_modem.o
 .debug_macro   0x00015ccd      0x185 ./Core/Src/ask_modem.o
 .debug_macro   0x00015e52      0x19b ./Core/Src/ask_modem.o
 .debug_macro   0x00015fed       0x10 ./Core/Src/ask_modem.o
 .debug_macro   0x00015ffd       0x16 ./Core/Src/ask_modem.o
 .debug_macro   0x00016013       0x3c ./Core/Src/ask_modem.o
 .debug_macro   0x0001604f       0x16 ./Core/Src/ask_modem.o
 .debug_macro   0x00016065       0x29 ./Core/Src/ask_modem.o
 .debug_macro   0x0001608e      0x2eb ./Core/Src/iq_transmitter.o
 .debug_macro   0x00016379       0x16 ./Core/Src/iq_transmitter.o
 .debug_macro   0x0001638f      0x32e ./Core/Src/main.o
 .debug_macro   0x000166bd       0x16 ./Core/Src/main.o
 .debug_macro   0x000166d3       0x10 ./Core/Src/main.o
 .debug_macro   0x000166e3       0x20 ./Core/Src/main.o
 .debug_macro   0x00016703       0x3a ./Core/Src/main.o
 .debug_macro   0x0001673d       0x28 ./Core/Src/main.o
 .debug_macro   0x00016765      0x20f ./Core/Src/stm32f4xx_hal_msp.o
 .debug_macro   0x00016974      0x219 ./Core/Src/stm32f4xx_it.o
 .debug_macro   0x00016b8d      0x200 ./Core/Src/system_stm32f4xx.o
 .debug_macro   0x00016d8d      0x275 ./Core/Src/uart_protocol.o
 .debug_macro   0x00017002      0x119 ./Core/Src/uart_protocol.o
 .debug_macro   0x0001711b      0x260 ./Drivers/STM32F4xx_HAL_Driver/Src/stm32f4xx_hal.o
 .debug_macro   0x0001737b      0x201 ./Drivers/STM32F4xx_HAL_Driver/Src/stm32f4xx_hal_adc.o
 .debug_macro   0x0001757c      0x200 ./Drivers/STM32F4xx_HAL_Driver/Src/stm32f4xx_hal_cortex.o
 .debug_macro   0x0001777c      0x206 ./Drivers/STM32F4xx_HAL_Driver/Src/stm32f4xx_hal_dma.o
 .debug_macro   0x00017982      0x206 ./Drivers/STM32F4xx_HAL_Driver/Src/stm32f4xx_hal_gpio.o
 .debug_macro   0x00017b88      0x224 ./Drivers/STM32F4xx_HAL_Driver/Src/stm32f4xx_hal_rcc.o
 .debug_macro   0x00017dac      0x20f ./Drivers/STM32F4xx_HAL_Driver/Src/stm32f4xx_hal_spi.o
 .debug_macro   0x00017fbb      0x201 ./Drivers/STM32F4xx_HAL_Driver/Src/stm32f4xx_hal_tim.o
 .debug_macro   0x000181bc      0x200 ./Drivers/STM32F4xx_HAL_Driver/Src/stm32f4xx_hal_tim_ex.o
 .debug_macro   0x000183bc      0x201 ./Drivers/STM32F4xx_HAL_Driver/Src/stm32f4xx_hal_uart.o

.debug_line     0x00000000    0x1343a
 .debug_line    0x00000000     0x100f ./Core/Src/ask_modem.o
 .debug_line    0x0000100f      0xa3b ./Core/Src/iq_transmitter.o
 .debug_line    0x00001a4a      0xda5 ./Core/Src/main.o
 .debug_line    0x000027ef      0x937 ./Core/Src/stm32f4xx_hal_msp.o
 .debug_line    0x00003126      0x8b3 ./Core/Src/stm32f4xx_it.o
 .debug_line    0x000039d9      0x81a ./Core/Src/system_stm32f4xx.o
 .debug_line    0x000041f3      0xb16 ./Core/Src/uart_protocol.o
 .debug_line    0x00004d09       0x7a ./Core/Startup/startup_stm32f411retx.o
 .debug_line    0x00004d83      0xa96 ./Drivers/STM32F4xx_HAL_Driver/Src/stm32f4xx_hal.o
 .debug_line    0x00005819     0x11ed ./Drivers/STM32F4xx_HAL_Driver/Src/stm32f4xx_hal_adc.o
 .debug_line    0x00006a06      0xd66 ./Drivers/STM32F4xx_HAL_Driver/Src/stm32f4xx_hal_cortex.o
 .debug_line    0x0000776c     0x1002 ./Drivers/STM32F4xx_HAL_Driver/Src/stm32f4xx_hal_dma.o
 .debug_line    0x0000876e      0xbb2 ./Drivers/STM32F4xx_HAL_Driver/Src/stm32f4xx_hal_gpio.o
 .debug_line    0x00009320      0xea5 ./Drivers/STM32F4xx_HAL_Driver/Src/stm32f4xx_hal_rcc.o
 .debug_line    0x0000a1c5     0x1d31 ./Drivers/STM32F4xx_HAL_Driver/Src/stm32f4xx_hal_spi.o
 .debug_line    0x0000bef6     0x35d5 ./Drivers/STM32F4xx_HAL_Driver/Src/stm32f4xx_hal_tim.o
 .debug_line    0x0000f4cb     0x1991 ./Drivers/STM32F4xx_HAL_Driver/Src/stm32f4xx_hal_tim_ex.o
 .debug_line    0x00010e5c     0x25de ./Drivers/STM32F4xx_HAL_Driver/Src/stm32f4xx_hal_uart.o

.debug_str      0x00000000    0x9cd47
 .debug_str     0x00000000    0x9cd47 ./Core/Src/ask_modem.o
                              0x980c5 (size before relaxing)
 .debug_str     0x0009cd47    0x97dbb ./Core/Src/iq_transmitter.o
 .debug_str     0x0009cd47    0x9927e ./Core/Src/main.o
 .debug_str     0x0009cd47    0x94f0f ./Core/Src/stm32f4xx_hal_msp.o
 .debug_str     0x0009cd47    0x9449c ./Core/Src/stm32f4xx_it.o
 .debug_str     0x0009cd47    0x93f90 ./Core/Src/system_stm32f4xx.o
 .debug_str     0x0009cd47    0x96590 ./Core/Src/uart_protocol.o
 .debug_str     0x0009cd47       0xb1 ./Core/Startup/startup_stm32f411retx.o
 .debug_str     0x0009cd47    0x949bc ./Drivers/STM32F4xx_HAL_Driver/Src/stm32f4xx_hal.o
 .debug_str     0x0009cd47    0x9456b ./Drivers/STM32F4xx_HAL_Driver/Src/stm32f4xx_hal_adc.o
 .debug_str     0x0009cd47    0x94726 ./Drivers/STM32F4xx_HAL_Driver/Src/stm32f4xx_hal_cortex.o
 .debug_str     0x0009cd47    0x94398 ./Drivers/STM32F4xx_HAL_Driver/Src/stm32f4xx_hal_dma.o
 .debug_str     0x0009cd47    0x9410b ./Drivers/STM32F4xx_HAL_Driver/Src/stm32f4xx_hal_gpio.o
 .debug_str     0x0009cd47    0x943c4 ./Drivers/STM32F4xx_HAL_Driver/Src/stm32f4xx_hal_rcc.o
 .debug_str     0x0009cd47    0x9483c ./Drivers/STM32F4xx_HAL_Driver/Src/stm32f4xx_hal_spi.o
 .debug_str     0x0009cd47    0x95308 ./Drivers/STM32F4xx_HAL_Driver/Src/stm32f4xx_hal_tim.o
 .debug_str     0x0009cd47    0x94b14 ./Drivers/STM32F4xx_HAL_Driver/Src/stm32f4xx_hal_tim_ex.o
 .debug_str     0x0009cd47    0x94993 ./Drivers/STM32F4xx_HAL_Driver/Src/stm32f4xx_hal_uart.o

.comment        0x00000000       0x43
 .comment       0x00000000       0x43 ./Core/Src/ask_modem.o
                                 0x44 (size before relaxing)
 .comment       0x00000043       0x44 ./Core/Src/iq_transmitter.o
 .comment       0x00000043       0x44 ./Core/Src/main.o
 .comment       0x00000043       0x44 ./Core/Src/stm32f4xx_hal_msp.o
 .comment       0x00000043       0x44 ./Core/Src/stm32f4xx_it.o
 .comment       0x00000043       0x44 ./Core/Src/system_stm32f4xx.o
 .comment       0x00000043       0x44 ./Core/Src/uart_protocol.o
 .comment       0x00000043       0x44 ./Drivers/STM32F4xx_HAL_Driver/Src/stm32f4xx_hal.o
 .comment       0x00000043       0x44 ./Drivers/STM32F4xx_HAL_Driver/Src/stm32f4xx_hal_adc.o
 .comment       0x00000043       0x44 ./Drivers/STM32F4xx_HAL_Driver/Src/stm32f4xx_hal_cortex.o
 .comment       0x00000043       0x44 ./Drivers/STM32F4xx_HAL_Driver/Src/stm32f4xx_hal_dma.o
 .comment       0x00000043       0x44 ./Drivers/STM32F4xx_HAL_Driver/Src/stm32f4xx_hal_gpio.o
 .comment       0x00000043       0x44 ./Drivers/STM32F4xx_HAL_Driver/Src/stm32f4xx_hal_rcc.o
 .comment       0x00000043       0x44 ./Drivers/STM32F4xx_HAL_Driver/Src/stm32f4xx_hal_spi.o
 .comment       0x00000043       0x44 ./Drivers/STM32F4xx_HAL_Driver/Src/stm32f4xx_hal_tim.o
 .comment       0x00000043       0x44 ./Drivers/STM32F4xx_HAL_Driver/Src/stm32f4xx_hal_tim_ex.o
 .comment       0x00000043       0x44 ./Drivers/STM32F4xx_HAL_Driver/Src/stm32f4xx_hal_uart.o

.debug_frame    0x00000000     0x457c
 .debug_frame   0x00000000      0x1f8 ./Core/Src/ask_modem.o
 .debug_frame   0x000001f8      0x138 ./Core/Src/iq_transmitter.o
 .debug_frame   0x00000330      0x1ec ./Core/Src/main.o
 .debug_frame   0x0000051c      0x158 ./Core/Src/stm32f4xx_hal_msp.o
 .debug_frame   0x00000674      0x174 ./Core/Src/stm32f4xx_it.o
 .debug_frame   0x000007e8       0x58 ./Core/Src/system_stm32f4xx.o
 .debug_frame   0x00000840      0x11c ./Core/Src/uart_protocol.o
 .debug_frame   0x0000095c      0x374 ./Drivers/STM32F4xx_HAL_Driver/Src/stm32f4xx_hal.o
 .debug_frame   0x00000cd0      0x3fc ./Drivers/STM32F4xx_HAL_Driver/Src/stm32f4xx_hal_adc.o
 .debug_frame   0x000010cc      0x508 ./Drivers/STM32F4xx_HAL_Driver/Src/stm32f4xx_hal_cortex.o
 .debug_frame   0x000015d4      0x250 ./Drivers/STM32F4xx_HAL_Driver/Src/stm32f4xx_hal_dma.o
 .debug_frame   0x00001824      0x14c ./Drivers/STM32F4xx_HAL_Driver/Src/stm32f4xx_hal_gpio.o
 .debug_frame   0x00001970      0x1f4 ./Drivers/STM32F4xx_HAL_Driver/Src/stm32f4xx_hal_rcc.o
 .debug_frame   0x00001b64      0x828 ./Drivers/STM32F4xx_HAL_Driver/Src/stm32f4xx_hal_spi.o
 .debug_frame   0x0000238c     0x11b8 ./Drivers/STM32F4xx_HAL_Driver/Src/stm32f4xx_hal_tim.o
 .debug_frame   0x00003544      0x638 ./Drivers/STM32F4xx_HAL_Driver/Src/stm32f4xx_hal_tim_ex.o
 .debug_frame   0x00003b7c      0x954 ./Drivers/STM32F4xx_HAL_Driver/Src/stm32f4xx_hal_uart.o
 .debug_frame   0x000044d0       0x20 C:/ST/STM32CubeIDE_1.18.1/STM32CubeIDE/plugins/com.st.stm32cube.ide.mcu.externaltools.gnu-tools-for-stm32.13.3.rel1.win32_1.0.0.202411081344/tools/bin/../lib/gcc/arm-none-eabi/13.3.1/../../../../arm-none-eabi/lib/thumb/v7e-m+fp/hard\libc_nano.a(libc_a-memset.o)
 .debug_frame   0x000044f0       0x2c C:/ST/STM32CubeIDE_1.18.1/STM32CubeIDE/plugins/com.st.stm32cube.ide.mcu.externaltools.gnu-tools-for-stm32.13.3.rel1.win32_1.0.0.202411081344/tools/bin/../lib/gcc/arm-none-eabi/13.3.1/../../../../arm-none-eabi/lib/thumb/v7e-m+fp/hard\libc_nano.a(libc_a-init.o)
 .debug_frame   0x0000451c       0x2c C:/ST/STM32CubeIDE_1.18.1/STM32CubeIDE/plugins/com.st.stm32cube.ide.mcu.externaltools.gnu-tools-for-stm32.13.3.rel1.win32_1.0.0.202411081344/tools/bin/../lib/gcc/arm-none-eabi/13.3.1/thumb/v7e-m+fp/hard\libgcc.a(_aeabi_uldivmod.o)
 .debug_frame   0x00004548       0x34 C:/ST/STM32CubeIDE_1.18.1/STM32CubeIDE/plugins/com.st.stm32cube.ide.mcu.externaltools.gnu-tools-for-stm32.13.3.rel1.win32_1.0.0.202411081344/tools/bin/../lib/gcc/arm-none-eabi/13.3.1/thumb/v7e-m+fp/hard\libgcc.a(_udivmoddi4.o)

.debug_line_str
                0x00000000       0x95
 .debug_line_str
                0x00000000       0x95 ./Core/Startup/startup_stm32f411retx.o
