../Core/Src/main.c:80:6:ResetRxState	4	static
../Core/Src/main.c:89:9:CalcChecksum	24	static
../Core/Src/main.c:102:6:UART_RxHandler	16	static
../Core/Src/main.c:161:6:SendFrame	288	static
../Core/Src/main.c:178:6:ProcessFrame	16	static
../Core/Src/main.c:188:5:main	16	static
../Core/Src/main.c:238:6:SystemClock_Config	88	static
../Core/Src/main.c:280:13:MX_USART2_UART_Init	8	static
../Core/Src/main.c:313:13:MX_GPIO_Init	16	static
../Core/Src/main.c:335:6:Error_Handler	4	static,ignoring_inline_asm
