../Core/Src/iq_transmitter.c:21:13:MCP4922_Select	8	static
../Core/Src/iq_transmitter.c:25:13:MCP4922_Unselect	8	static
../Core/Src/iq_transmitter.c:29:17:MCP4922_Pack	24	static
../Core/Src/iq_transmitter.c:35:6:IQTransmitter_InitFromBuffer	16	static
../Core/Src/iq_transmitter.c:42:6:IQTransmitter_Start	8	static
../Core/Src/iq_transmitter.c:48:6:IQTransmitter_Stop	16	static
../Core/Src/iq_transmitter.c:61:6:HAL_TIM_PeriodElapsedCallback	24	static
../Core/Src/iq_transmitter.c:77:6:Enable_TIM2_Interrupt	8	static
../Core/Src/iq_transmitter.c:82:9:IQTransmitter_IsActive	4	static
