../Core/Src/main.c:109:6:HAL_ADC_ConvCpltCallback	16	static
../Core/Src/main.c:116:6:OnFrameReceived	40	static
../Core/Src/main.c:143:9:WaitForRisingEdge	40	static
../Core/Src/main.c:173:5:main	360	static
../Core/Src/main.c:299:6:SystemClock_Config	88	static
../Core/Src/main.c:345:13:MX_ADC1_Init	24	static
../Core/Src/main.c:397:13:MX_SPI1_Init	8	static
../Core/Src/main.c:435:13:MX_TIM2_Init	32	static
../Core/Src/main.c:480:13:MX_TIM3_Init	32	static
../Core/Src/main.c:525:13:MX_USART2_UART_Init	8	static
../Core/Src/main.c:556:13:MX_DMA_Init	16	static
../Core/Src/main.c:577:13:MX_GPIO_Init	40	static
../Core/Src/main.c:620:6:Error_Handler	8	static,ignoring_inline_asm
